// Jest Snapshot v1, https://goo.gl/fbAQLP

exports[`Header matches the snapshot 1`] = `
<div>
  <input
    className="f1wt0yvj"
    name="1"
    type="radio"
    value="chill"
  />
  <label
    className="f1uscnny fa7andv"
  />
  1
   
  1
</div>
`;
